; Dracula -> Dracula Soft CE -- canonical color map
; Strategy:
;   Surfaces: hue 231 (blue-grey) -> 38 (warm brown-grey), S -40%
;   Foreground: hue 60 kept warm, S 30%->8%, L 96%->93% (cream)
;   Comment: keep hue ~225, S 27%->12% (recedes without vanishing)
;   Accents: same hue, chroma reduced 30-40%, same lightness
;
; Format:  #rrggbb=#rrggbb  (hex lowercase; patcher is case-insensitive)
; Comment: lines starting with ; are skipped; lines without = are skipped
;
; Run:     ./dracula-ce.sh <theme-dir>

; -- Surfaces -----------------------------------------------------------------
#282a36=#312e29   ; Background    H:231->38, S:15->9%  -- warm dark brown-grey
#44475a=#565148   ; Current Line  H:231->38, S:14->9%  -- warm selection grey
; NOTE: Selection and Current Line share the same token in most themes.
; If a theme differentiates them, add a second entry here.

; -- Text ---------------------------------------------------------------------
#f8f8f2=#efeeec   ; Foreground    H:60->40, S:30->9%   -- warm cream (NOT blue/purple)
#6272a4=#767d93   ; Comment       H:225, S:27->12%     -- muted, recedes

; -- Accents: same hue, same lightness, chroma -30 to -40% -------------------
#ff79c6=#e890c3   ; Pink     S:100->65%  -- dusty rose
#bd93f9=#c1a6e5   ; Purple   S:89->55%   -- soft lavender
#8be9fd=#a1dce7   ; Cyan     S:97->60%   -- soft sky
#50fa7b=#73d68c   ; Green    S:94->55%   -- muted sage
#f1fa8c=#e1e79f   ; Yellow   S:92->60%   -- soft warm yellow
#ffb86c=#eab781   ; Orange   S:100->72%  -- muted amber (already warm, light touch)
#ff5555=#e17373   ; Red      S:100->65%  -- soft rose-red

; -- Qt5/Qt6: #ffRRGGBB (ARGB 8-digit, alpha-prefix used by qt5ct/qt6ct) -----
; The 6-digit entries above do NOT match these: the 'ff' alpha prefix sits
; adjacent to the color hex, so the word-boundary lookahead/lookbehind blocks
; the bare-hex pattern. These entries handle that explicitly.
#ff282a36=#ff312e29
#ff44475a=#ff565148
#fff8f8f2=#ffefeeec
#ff6272a4=#ff767d93
#ffff79c6=#ffe890c3
#ffbd93f9=#ffc1a6e5
#ff8be9fd=#ffa1dce7
#ff50fa7b=#ff73d68c
#fff1fa8c=#ffe1e79f
#ffffb86c=#ffeab781
#ffff5555=#ffe17373
