; Dracula -> Dracula-Soft -- canonical color map
; Strategy:
;   Surfaces: Pro Dark inspired -- very dark near-black purple, H:246-253 family
;   Foreground: hue 60->40, S 30%->9%, L 96%->93% (warm cream)
;   Comment: keep hue ~225, S 27%->12% (recedes without vanishing)
;   Accents: same hue, chroma reduced 30-40%, same lightness
;   GTK selection pink override: see palette.gtk.map (second pass)
;
; Format:  #rrggbb=#rrggbb  (hex lowercase; patcher is case-insensitive)
; Comment: lines starting with ; are skipped; lines without = are skipped
;
; Run:     ./dracula-soft.sh <theme-dir>

; -- Surfaces -----------------------------------------------------------------
#1e1f29=#1b1a24   ; GTK header/panel bg  H:252, S:13%, L:12% -- near-black purple
#232530=#201f2a   ; OB secondary surface H:253, S:12%, L:14% -- dark layer (themerc)
#282a36=#22212c   ; Background    H:246, S:6%,  L:15% -- Pro Dark near-black
#44475a=#2d2b3a   ; Current Line  H:248, S:10%, L:20% -- subtle lift, barely-there
; NOTE: Selection and Current Line share the same token in most themes.
; GTK selected_bg_color (pink) is handled by palette.gtk.map second pass.

; -- Text ---------------------------------------------------------------------
#f8f8f2=#efeeec   ; Foreground    H:60->40, S:30->9%   -- warm cream (NOT blue/purple)
#6272a4=#767d93   ; Comment       H:225, S:27->12%     -- muted, recedes

; -- Accents: same hue, same lightness, chroma -30 to -40% -------------------
#ff79c6=#e890c3   ; Pink     S:100->65%  -- dusty rose
#bd93f9=#c1a6e5   ; Purple   S:89->55%   -- soft lavender
#8be9fd=#a1dce7   ; Cyan     S:97->60%   -- soft sky
#50fa7b=#73d68c   ; Green    S:94->55%   -- muted sage
#f1fa8c=#e1e79f   ; Yellow   S:92->60%   -- soft warm yellow
#ffb86c=#eab781   ; Orange   S:100->72%  -- muted amber (already warm, light touch)
#ff5555=#e17373   ; Red      S:100->65%  -- soft rose-red

; -- Qt5/Qt6: #ffRRGGBB (ARGB 8-digit, alpha-prefix used by qt5ct/qt6ct) -----
; The 6-digit entries above do NOT match these: the 'ff' alpha prefix sits
; adjacent to the color hex, so the word-boundary lookahead/lookbehind blocks
; the bare-hex pattern. These entries handle that explicitly.
#ff1e1f29=#ff1b1a24
#ff232530=#ff201f2a
#ff282a36=#ff22212c
#ff44475a=#ff2d2b3a
#fff8f8f2=#ffefeeec
#ff6272a4=#ff767d93
#ffff79c6=#ffe890c3
#ffbd93f9=#ffc1a6e5
#ff8be9fd=#ffa1dce7
#ff50fa7b=#ff73d68c
#fff1fa8c=#ffe1e79f
#ffffb86c=#ffeab781
#ffff5555=#ffe17373
